
> nx run plan-tooling:test

> env -u FORCE_COLOR NO_COLOR=1 uv run pytest tests/plan_tooling -m 'not reads_docs' --no-cov -n 4 --dist loadgroup

bringing up nodes...
bringing up nodes...

........................................................................ [ 11%]
........................................................................ [ 22%]
........................................................................ [ 33%]
........................................................................ [ 44%]
........................................................................ [ 55%]
........................................................................ [ 67%]
........................................................................ [ 78%]
........................................................................ [ 89%]
....................................................................     [100%]
644 passed in 2436.86s (0:40:36)



 NX   Successfully ran target test for project plan-tooling


  Run duration:      40m 32s
  Cache:             Skipped (--skip-nx-cache)
  Critical path:     40m 32s (1 task)
  Recoverable time:  <1ms

  Recommendations:
    - Cache: drop --skip-nx-cache to restore unchanged tasks instantly.
    - Speed up or split the longest tasks on the critical path:
        plan-tooling:test    40m 32s
