bringing up nodes...
bringing up nodes...

........................................................................ [ 37%]
..........................................................F............. [ 74%]
..................................................                       [100%]
=================================== FAILURES ===================================
_ test_a_worktree_provisioned_before_the_pin_moved_reinstalls_from_the_lockfile _
[gw0] linux -- Python 3.14.6 /home/nick.guest/.onevcs/workspaces/github.com-nickderobertis-ai-orchestrator-c2fddf4e28b4/pool/1/worktree/.venv/bin/python

tmp_path = PosixPath('/tmp/pytest-of-nick/pytest-859/popen-gw0/test_a_worktree_provisioned_be0')

    @pytest.mark.reads_docs
    def test_a_worktree_provisioned_before_the_pin_moved_reinstalls_from_the_lockfile(
        tmp_path: Path,
    ) -> None:
        """A moved pin heals itself, the way a missing `node_modules` already did.
    
        Every checkout that already had a `node_modules` used to be exempt from the
        lockfile: the installer asked whether Nx was there, which answers for *an*
        install rather than *the locked* one. So the pin moved, nothing reinstalled,
        and an operator reading the served view had no way to tell a stale install
        from a broken feature.
    
        Driven against real Bun and a lockfile that really moved, because the whole
        defect was an install nobody could see: both entry points into the wrapper
        chain are exercised — the script every recipe routes through, and a `just`
        recipe on top of it.
        """
        worktree = tmp_path / "moved-pin-worktree"
        # `--no-checkout`, so this working tree's own change is what provisions here.
        _run("git", "worktree", "add", "--no-checkout", "--detach", str(worktree), "HEAD")
        try:
            copy_working_tree(worktree)
            manifest = worktree / "package.json"
            lockfile = worktree / "bun.lock"
            committed_manifest = manifest.read_bytes()
            committed_lock = lockfile.read_bytes()
            pinned = json.loads(committed_manifest)["dependencies"][STALENESS_WITNESS]
    
            # Provisioned from the lockfile as it was before the bump, for real: the
            # tree a checkout carries when the pin moves under it.
            before_the_bump = json.loads(committed_manifest)
            del before_the_bump["dependencies"][STALENESS_WITNESS]
            manifest.write_text(json.dumps(before_the_bump, indent=2) + "\n", encoding="utf-8")
            provision = _run("bun", "install", cwd=worktree)
            assert provision.returncode == 0, provision.stderr
            assert (worktree / "node_modules/.bin/nx").is_file()
            assert not (worktree / "node_modules" / STALENESS_WITNESS).exists()
    
            # The bump lands: the committed manifest and lockfile move, and nothing
            # else does.
            manifest.write_bytes(committed_manifest)
            lockfile.write_bytes(committed_lock)
    
            wrapper = _run("./scripts/nx.sh", "show", "projects", cwd=worktree)
    
            assert wrapper.returncode == 0, wrapper.stderr
            bundle = worktree / "node_modules" / STALENESS_WITNESS / "package.json"
            assert bundle.is_file(), (
                f"the wrapper left {STALENESS_WITNESS} uninstalled under a {pinned} pin: a tree "
                f"provisioned before the bump stayed exempt from the lockfile"
            )
            installed = json.loads(bundle.read_text(encoding="utf-8"))
            assert installed["version"] == pinned, (
                f"the wrapper left {STALENESS_WITNESS} {installed['version']} installed under a "
                f"{pinned} pin"
            )
            assert lockfile.read_bytes() == committed_lock, "the committed lockfile decides"
    
            # Again from the recipe an operator runs, against a tree that disagrees with
            # the lockfile the other way: a package the lockfile names, gone.
            shutil.rmtree(worktree / "node_modules" / STALENESS_WITNESS)
            recipe = _run("just", "format-check", cwd=worktree)
    
>           assert recipe.returncode == 0, recipe.stdout + recipe.stderr
E           AssertionError: ./scripts/nx.sh run-many -t format-check
E             
E              NX   Running target format-check for project orchestrator:
E             
E             - orchestrator
E             
E             
E             
E             > nx run orchestrator:format-check
E             
E             > uv run ruff format --check .
E             
E             warning: `VIRTUAL_ENV=/home/nick.guest/.onevcs/workspaces/github.com-nickderobertis-ai-orchestrator-c2fddf4e28b4/pool/1/worktree/.venv` does not match the project environment path `.venv` and will be ignored; use `--active` to target the active environment instead
E             Would reformat: [1mtests/conftest.py[0m
E             Would reformat: [1mtests/e2e/nx_workspace.py[0m
E             Would reformat: [1mtests/e2e/test_budget_target_e2e.py[0m
E             Would reformat: [1mtests/e2e/test_budget_telemetry_e2e.py[0m
E             Would reformat: [1mtests/e2e/test_llmlint_two_path_verdict_e2e.py[0m
E             Would reformat: [1mtests/e2e/test_nx_wrapper_version_e2e.py[0m
E             Would reformat: [1mtests/session_setup/test_locked_plan_store_setup_e2e.py[0m
E             Would reformat: [1mtests/test_project_boundaries.py[0m
E             8 files would be reformatted, 346 files already formatted
E             Warning: command "uv run ruff format --check ." exited with non-zero status code
E             
E             
E              NX   Running target format-check for project orchestrator failed
E             
E             Failed tasks:
E             
E             - orchestrator:format-check
E             
E               Run duration:      147ms
E               Critical path:     100ms (1 task)
E               Recoverable time:  <1ms
E             
E               Recommendations:
E                 - Speed up or split the longest tasks on the critical path:
E                     orchestrator:format-check    100ms
E             nx: targets failed; fix the reported project findings and rerun the same 'just' recipe (full output: /tmp/pytest-of-nick/pytest-859/popen-gw0/test_a_worktree_provisioned_be0/moved-pin-worktree/.logs/nx.log)
E             error: Recipe `format-check` failed on line 153 with exit code 1
E             
E           assert 1 == 0
E            +  where 1 = CompletedProcess(args=('just', 'format-check'), returncode=1, stdout='', stderr='./scripts/nx.sh run-many -t format-ch..._provisioned_be0/moved-pin-worktree/.logs/nx.log)\nerror: Recipe `format-check` failed on line 153 with exit code 1\n').returncode

tests/e2e/test_workspace_contract_e2e.py:1831: AssertionError
=========================== short test summary info ============================
FAILED tests/e2e/test_workspace_contract_e2e.py::test_a_worktree_provisioned_before_the_pin_moved_reinstalls_from_the_lockfile
1 failed, 193 passed in 496.36s (0:08:16)
