
> nx run plan-tooling:test

> env -u FORCE_COLOR NO_COLOR=1 uv run pytest tests/plan_tooling -m 'not reads_docs' --no-cov -n 4 --dist loadgroup

bringing up nodes...
bringing up nodes...

........................................................................ [ 11%]
........................................................................ [ 22%]
........................................................................ [ 33%]
........................................................................ [ 44%]
........................................................................ [ 55%]
........................................................................ [ 67%]
........................................................................ [ 78%]
........................................................................ [ 89%]
....................................................................     [100%]
644 passed in 922.57s (0:15:22)



 NX   Successfully ran target test for project plan-tooling


  Run duration:      15m 13s
  Cache:             0/1 hit (0%)
  Critical path:     15m 13s (1 task)
  Recoverable time:  <1ms

  Recommendations:
    - Drastically reduce your run duration by sharing a cache across your team and CI → https://nx.dev/ci/features/remote-cache?utm_source=nx-cli&utm_medium=cli&utm_campaign=performance-report&utm_content=remote-cache.
    - Speed up or split the longest tasks on the critical path:
        plan-tooling:test    15m 13s
