
> nx run orchestrator:test-docs

> rm -rf .telemetry/orchestrator/test-docs && env -u FORCE_COLOR BUDGET_TELEMETRY_DIR=.telemetry/orchestrator/test-docs NO_COLOR=1 uv run pytest --ignore=tests/plan_tooling --ignore=tests/session_setup --ignore=tests/host_sweep --ignore=tests/session_setup_pypi --ignore=tests/ask_seam --ignore=tests/dag_ui --ignore=tests/unwatched --ignore=tests/merge_policy --ignore=tests/writeback_budget --ignore=tests/run_end_hooks --ignore=tests/host_views --ignore=tests/project_store_race --ignore=tests/plan_store_assets --ignore=tests/render_diagram --ignore=tests/e2e/unpublished_view --ignore=tests/e2e/board_copy_approval --ignore=tests/unfinished --ignore=tests/graceful_cancel --ignore=tests/session_open_conflict --ignore=tests/manager_allowlist -m reads_docs --no-cov -n 4 --dist loadgroup

bringing up nodes...
bringing up nodes...

........................................................................ [ 14%]
........................................................................ [ 28%]
........................................................................ [ 42%]
........................................................................ [ 56%]
........................................................................ [ 71%]
........................................................................ [ 85%]
s....................................................................... [ 99%]
...                                                                      [100%]
506 passed, 1 skipped in 5702.59s (1:35:02)



 NX   Successfully ran target test-docs for project orchestrator


  Run duration:      93m 35s
  Cache:             Skipped (--skip-nx-cache)
  Critical path:     93m 35s (1 task)
  Recoverable time:  <1ms

  Recommendations:
    - Cache: drop --skip-nx-cache to restore unchanged tasks instantly.
    - Speed up or split the longest tasks on the critical path:
        orchestrator:test-docs    93m 35s
